[babydragon.space/index.html]
[babydragon.space/assets/img/about_picture.png]
[backblue.gif]
[fade.gif]
[index.html]
[babydragon.space/assets/css/style.min.css]
[cdnjs.cloudflare.com/ajax/libs/animate.css/4.1.1/animate.min.css]
[babydragon.space/assets/img/logo.svg]
[babydragon.space/assets/img/social_x.png]
[babydragon.space/assets/img/social_tg.png]
[babydragon.space/assets/img/intro_picture.png]
[babydragon.space/assets/img/bdragon_text.png]
[babydragon.space/assets/img/comment_picture.svg]
[babydragon.space/assets/img/base_picture.svg]
[babydragon.space/assets/img/calc_pict.svg]
[babydragon.space/WHITEPAPER-BABY-DRAGON.pdf]
[babydragon.space/assets/img/social_picture.svg]
[babydragon.space/assets/img/miro_text.png]
[cdn.jsdelivr.net/npm/swiper@11/swiper-element-bundle.min.js]
[cdnjs.cloudflare.com/ajax/libs/wow/1.1.2/wow.min.js]
[code.jquery.com/jquery-3.7.0.min.js]
[babydragon.space/assets/js/main.js]
[babydragon.space/index.html]
[babydragon.space/assets/css/style.min.css]
[cdnjs.cloudflare.com/ajax/libs/animate.css/4.1.1/animate.min.css]
[babydragon.space/assets/img/logo.svg]
[babydragon.space/assets/img/comment_picture.svg]
[babydragon.space/assets/img/base_picture.svg]
[babydragon.space/assets/img/calc_pict.svg]
[babydragon.space/assets/img/social_picture.svg]
